24 19 0 5 25 15 1 13 0 0 12 15 -1 16 41 13 11 0 6 10 7 17 25 16 48 13 11 22 15 -1 13 11 13 13 11 0 1 1 12 15 -2 13 11 0 10 7 18 15 21 0