24 19 0 5 25 13 0 10 12 13 0 1 1 0 8 12 13 0 2 1 13 11 13 0 1 1 11 10 7 17 35 13 11 16 40 13 0 1 1 11 12 13 0 2 1 11 22 21 3