24 19 0 5 25 15 1 13 0 0 12 15 -1 16 43 13 11 0 2 5 0 1 6 17 27 16 32 13 11 22 15 -1 13 11 13 13 11 0 1 1 12 15 -2 13 11 0 13 7 18 15 21 0