24 19 0 5 25 13 0 0 12 13 0 1 1 0 10 12 13 0 1 1 11 18 30 13 11 22 15 -1 16 40 13 0 1 1 11 0 1 6 17 50 13 11 0 1 1 22 15 -1 16 60 13 0 1 1 11 0 2 6 17 70 13 11 0 2 1 22 15 -1 16 83 13 0 1 1 11 13 0 1 1 11 6 17 97 13 0 1 1 11 13 0 1 1 11 3 22 21 2 21 1