24 19 0 5 25 13 0 1 12 13 0 1 1 26 1078523331 12 13 0 2 1 27 112 12 13 11 22 15 -1 13 0 1 1 11 22 15 -1 13 0 2 1 11 22 21 3