24 19 0 5 25 15 1 13 26 1066192077 12 13 0 1 1 0 2 12 15 -1 13 11 13 0 1 1 11 1 22 21 2