24 19 0 5 25 15 1 13 0 3 12 15 -1 16 29 13 11 22 15 -1 13 13 11 0 1 1 12 15 -1 13 11 0 9 7 18 15 21 0