24 19 0 5 25 15 1 13 0 1 12 15 -1 13 11 22 15 -1 13 11 0 8 6 17 27 16 40 13 11 13 13 11 0 1 1 12 15 -2 16 13 21 0