24 19 0 5 25 15 1 15 1 13 0 1 12 15 -1 13 0 1 1 0 1 12 15 -1 13 11 22 15 -1 13 11 13 13 11 0 1 1 12 15 -2 13 11 22 15 -1 13 11 0 1 1 15 -1 13 13 11 0 1 1 12 15 -1 13 11 22 15 -1 13 0 1 1 11 13 0 1 1 13 0 1 1 11 0 1 2 12 15 -2 13 0 1 1 11 22 15 -1 13 0 1 1 11 0 1 2 15 -1 13 0 1 1 13 0 1 1 11 0 1 2 12 15 -1 13 0 1 1 11 22 21 2