24 19 0 5 25 15 1 15 1 13 0 0 12 15 -1 13 0 1 1 0 1 12 15 -1 13 0 1 1 11 0 1 6 17 60 13 13 0 1 1 11 13 0 1 1 11 1 12 15 -1 13 13 11 0 5 1 12 15 -1 16 70 13 0 1 1 11 0 2 6 17 81 13 13 11 0 2 3 12 15 -1 16 91 13 0 1 1 11 0 3 6 17 102 13 13 11 0 1 1 12 15 -1 16 130 13 0 1 1 11 0 5 6 17 130 13 13 11 13 0 1 1 11 13 0 1 1 11 3 1 12 15 -1 13 11 22 21 2